// Jest Snapshot v1, https://goo.gl/fbAQLP

exports[`renders correctly 1`] = `
<thead>
  <div>
    row with column names
  </div>
</thead>
`;
